
> jeton@1.1.3 build
> next build

node.exe : ⚠ turbopack.root should be absolute, using: C:\xhenvolt\jeton-main
At line:1 char:1
+ & "C:\Program Files\nodejs/node.exe" "C:\Program Files\nodejs/node_mo ...
+ ~~~~~~~~~~~~~~~~~~~~~~~~~~~~~~~~~~~~~~~~~~~~~~~~~~~~~~~~~~~~~~~~~~~~~
    + CategoryInfo          : NotSpecified: (⚠ turbopack.roo...volt\jeton-main:String) [], RemoteException
    + FullyQualifiedErrorId : NativeCommandError
 
▲ Next.js 16.1.1 (Turbopack)
- Environments: .env.local

  Creating an optimized production build ...
✓ Compiled successfully in 3.5min
  Running TypeScript ...
  Collecting page data using 3 workers ...
  Generating static pages using 3 workers (0/206) ...
  Generating static pages using 3 workers (51/206) 
  Generating static pages using 3 workers (102/206) 
  Generating static pages using 3 workers (154/206) 
Error getting current user: Dynamic server usage: Route /docs/architecture couldn't be rendered statically because it 
used `cookies`. See more info here: https://nextjs.org/docs/messages/dynamic-server-error
Error getting current user: Dynamic server usage: Route /login couldn't be rendered statically because it used 
`cookies`. See more info here: https://nextjs.org/docs/messages/dynamic-server-error
Error getting current user: Dynamic server usage: Route /register couldn't be rendered statically because it used 
`cookies`. See more info here: https://nextjs.org/docs/messages/dynamic-server-error
✓ Generating static pages using 3 workers (206/206) in 6.0s
  Finalizing page optimization ...

Route (app)
┌ ○ /
├ ○ /_not-found
├ ƒ /api/accounts
├ ƒ /api/accounts/[id]
├ ƒ /api/activity
├ ƒ /api/admin/arch-issues
├ ƒ /api/admin/audit-logs
├ ƒ /api/admin/authority-inspector
├ ƒ /api/admin/authority-levels
├ ƒ /api/admin/authority-levels/[id]
├ ƒ /api/admin/data-consistency
├ ƒ /api/admin/debug
├ ƒ /api/admin/identity/health
├ ƒ /api/admin/identity/repair
├ ƒ /api/admin/licenses/validate
├ ƒ /api/admin/permissions
├ ƒ /api/admin/permissions/[permissionId]
├ ƒ /api/admin/rbac-audit
├ ƒ /api/admin/roles
├ ƒ /api/admin/roles/[roleId]
├ ƒ /api/admin/roles/[roleId]/permissions
├ ƒ /api/admin/staff/[staffId]/create-account
├ ƒ /api/admin/staff/[staffId]/roles
├ ƒ /api/admin/staff/create-with-account
├ ƒ /api/admin/user-permissions/[userId]
├ ƒ /api/admin/users
├ ƒ /api/admin/users/[userId]
├ ƒ /api/allocations
├ ƒ /api/approvals
├ ƒ /api/approvals/[id]
├ ƒ /api/approvals/request
├ ƒ /api/assets
├ ƒ /api/auth/login
├ ƒ /api/auth/logout
├ ƒ /api/auth/me
├ ƒ /api/auth/me/presence
├ ƒ /api/auth/passkeys
├ ƒ /api/auth/passkeys/authenticate
├ ƒ /api/auth/passkeys/authenticate-options
├ ƒ /api/auth/passkeys/register
├ ƒ /api/auth/passkeys/register-options
├ ƒ /api/auth/register
├ ƒ /api/auth/sessions
├ ƒ /api/auth/sessions/invalidate
├ ƒ /api/auth/setup-password
├ ƒ /api/auth/username-suggestions
├ ƒ /api/backups
├ ƒ /api/backups/[id]/preview
├ ƒ /api/backups/[id]/verify
├ ƒ /api/backups/jobs
├ ƒ /api/backups/restore
├ ƒ /api/backups/storage-targets
├ ƒ /api/budgets
├ ƒ /api/budgets/[id]
├ ƒ /api/bug-reports
├ ƒ /api/capital-allocation
├ ƒ /api/clients
├ ƒ /api/clients/[id]
├ ƒ /api/comments
├ ƒ /api/communication/[conversationId]/messages
├ ƒ /api/communication/[conversationId]/read
├ ƒ /api/communication/admin/settings
├ ƒ /api/communication/calls
├ ƒ /api/communication/calls/[id]
├ ƒ /api/communication/calls/signal
├ ƒ /api/communication/conversations
├ ƒ /api/communication/conversations/[conversationId]
├ ƒ /api/communication/departments/sync
├ ƒ /api/communication/message-status
├ ƒ /api/communication/messages/[id]
├ ƒ /api/communication/notifications
├ ƒ /api/communication/participants
├ ƒ /api/communication/permissions
├ ƒ /api/communication/presence
├ ƒ /api/communication/typing
├ ƒ /api/communication/upload
├ ƒ /api/communication/users
├ ƒ /api/dashboard
├ ƒ /api/deals
├ ƒ /api/deals/[id]
├ ƒ /api/decision-logs
├ ƒ /api/decision-logs/[id]
├ ƒ /api/departments
├ ƒ /api/departments/[id]
├ ƒ /api/departments/[id]/documents
├ ƒ /api/departments/[id]/kpis
├ ƒ /api/departments/[id]/policies
├ ƒ /api/departments/[id]/processes
├ ƒ /api/designs
├ ƒ /api/designs/[id]
├ ƒ /api/designs/[id]/clone
├ ƒ /api/designs/[id]/exports
├ ƒ /api/designs/[id]/layers
├ ƒ /api/designs/assets
├ ƒ /api/designs/brandkits
├ ƒ /api/designs/projects
├ ƒ /api/designs/templates
├ ƒ /api/docs
├ ƒ /api/docs/[id]
├ ƒ /api/documents
├ ƒ /api/documents/[id]
├ ƒ /api/documents/[id]/approvals
├ ƒ /api/documents/[id]/comments
├ ƒ /api/documents/[id]/links
├ ƒ /api/documents/[id]/permissions
├ ƒ /api/documents/branding
├ ƒ /api/documents/bulk
├ ƒ /api/documents/categories
├ ƒ /api/documents/export
├ ƒ /api/documents/folders
├ ƒ /api/documents/generate
├ ƒ /api/documents/generated/[id]
├ ƒ /api/documents/pdf/[id]
├ ƒ /api/documents/search
├ ƒ /api/documents/seed
├ ƒ /api/documents/tags
├ ƒ /api/documents/templates
├ ƒ /api/documents/templates/[id]
├ ƒ /api/documents/verify
├ ƒ /api/drais-proxy
├ ƒ /api/drais/audit-logs
├ ƒ /api/drais/health
├ ƒ /api/drais/platform/calls
├ ƒ /api/drais/platform/health
├ ƒ /api/drais/pricing
├ ƒ /api/drais/pricing/[id]
├ ƒ /api/drais/reconcile
├ ƒ /api/drais/schools
├ ƒ /api/drais/schools/[id]
├ ƒ /api/drais/schools/[id]/activate
├ ƒ /api/drais/schools/[id]/features
├ ƒ /api/drais/schools/[id]/staff
├ ƒ /api/drais/schools/[id]/suspend
├ ƒ /api/drais/schools/[id]/usage
├ ƒ /api/drais/systems
├ ƒ /api/drais/webhook
├ ƒ /api/drais/webhooks
├ ƒ /api/employee-accounts
├ ƒ /api/employee-accounts/[id]
├ ƒ /api/employees
├ ƒ /api/events
├ ƒ /api/exchange-rates
├ ƒ /api/expenses
├ ƒ /api/expenses/[id]
├ ƒ /api/feature-requests
├ ƒ /api/finance/account-mutations
├ ƒ /api/finance/advances
├ ƒ /api/finance/advances/[id]
├ ƒ /api/finance/banking/accounts
├ ƒ /api/finance/loans
├ ƒ /api/finance/loans/[id]
├ ƒ /api/finance/marzpay/accounts
├ ƒ /api/finance/marzpay/accounts/[id]
├ ƒ /api/finance/marzpay/accounts/[id]/transactions
├ ƒ /api/finance/marzpay/accounts/[id]/verify
├ ƒ /api/finance/marzpay/collect
├ ƒ /api/finance/marzpay/reconcile
├ ƒ /api/finance/marzpay/webhook
├ ƒ /api/follow-ups
├ ƒ /api/followups
├ ƒ /api/followups/[id]
├ ƒ /api/founder/command-center
├ ƒ /api/health
├ ƒ /api/integrations/[id]/rotate-keys
├ ƒ /api/integrations/[id]/secrets
├ ƒ /api/integrations/connections
├ ƒ /api/integrations/connections/[id]
├ ƒ /api/integrations/test
├ ƒ /api/integrations/verify-password
├ ƒ /api/intelligence/dashboard
├ ƒ /api/intelligence/ingest
├ ƒ /api/intelligence/search
├ ƒ /api/invoices
├ ƒ /api/invoices/[id]
├ ƒ /api/invoices/[id]/pdf
├ ƒ /api/invoices/reconcile
├ ƒ /api/invoices/themes
├ ƒ /api/invoices/themes/[id]
├ ƒ /api/invoices/themes/[id]/preview
├ ƒ /api/issue-intelligence
├ ƒ /api/issues
├ ƒ /api/issues/[id]
├ ƒ /api/issues/auto-log
├ ƒ /api/items
├ ƒ /api/knowledge
├ ƒ /api/knowledge-base
├ ƒ /api/knowledge-base/[id]
├ ƒ /api/ledger
├ ƒ /api/liabilities
├ ƒ /api/licenses
├ ƒ /api/licenses/[id]
├ ƒ /api/licenses/[id]/activate
├ ƒ /api/licenses/[id]/renew
├ ƒ /api/licenses/[id]/resume
├ ƒ /api/licenses/[id]/revoke
├ ƒ /api/licenses/[id]/suspend
├ ƒ /api/licenses/[id]/transfer
├ ƒ /api/media
├ ƒ /api/media/[id]/download
├ ƒ /api/media/[id]/preview
├ ƒ /api/media/stats
├ ƒ /api/media/upload
├ ƒ /api/metrics
├ ƒ /api/notifications
├ ƒ /api/notifications/stream
├ ƒ /api/obligations
├ ƒ /api/offerings
├ ƒ /api/offerings/[id]
├ ƒ /api/operations
├ ƒ /api/operations-log
├ ƒ /api/org/approvals
├ ƒ /api/org/change-logs
├ ƒ /api/org/control-tower
├ ƒ /api/org/structure
├ ƒ /api/org/structure/[id]
├ ƒ /api/payments
├ ƒ /api/payments/[id]
├ ƒ /api/payments/convert
├ ƒ /api/payouts
├ ƒ /api/payouts/[id]
├ ƒ /api/pipeline
├ ƒ /api/presence/ping
├ ƒ /api/presence/status
├ ƒ /api/pricing
├ ƒ /api/pricing/[id]
├ ƒ /api/pricing/[id]/cycles
├ ƒ /api/pricing/[id]/cycles/[cycleId]
├ ƒ /api/pricing/[id]/versions
├ ƒ /api/pricing/system/[system]
├ ƒ /api/products
├ ƒ /api/profile
├ ƒ /api/profile/activity
├ ƒ /api/profile/avatars
├ ƒ /api/profile/completion
├ ƒ /api/profile/devices
├ ƒ /api/profile/sessions
├ ƒ /api/profile/upload-config
├ ƒ /api/proposals
├ ƒ /api/proposals/[id]
├ ƒ /api/proposals/[id]/pdf
├ ƒ /api/prospects
├ ƒ /api/prospects/[id]
├ ƒ /api/prospects/[id]/contacts
├ ƒ /api/prospects/[id]/convert
├ ƒ /api/prospects/intelligence
├ ƒ /api/prospects/intelligence/alerts
├ ƒ /api/reports
├ ƒ /api/resources
├ ƒ /api/revenue-events
├ ƒ /api/roles/search
├ ƒ /api/salary-accounts
├ ƒ /api/search
├ ƒ /api/services
├ ƒ /api/services/[id]
├ ƒ /api/settings/company
├ ƒ /api/settings/system
├ ƒ /api/staff
├ ƒ /api/staff/actions
├ ƒ /api/subscriptions
├ ƒ /api/subscriptions/[id]
├ ƒ /api/subscriptions/[id]/billing
├ ƒ /api/subscriptions/[id]/cancel
├ ƒ /api/subscriptions/[id]/downgrade
├ ƒ /api/subscriptions/[id]/events
├ ƒ /api/subscriptions/[id]/pause
├ ƒ /api/subscriptions/[id]/renew
├ ƒ /api/subscriptions/[id]/resume
├ ƒ /api/subscriptions/[id]/upgrade
├ ƒ /api/system-costs
├ ƒ /api/system-events
├ ƒ /api/system-logs
├ ƒ /api/systems
├ ƒ /api/systems/[id]
├ ƒ /api/systems/[id]/architecture
├ ƒ /api/systems/[id]/changes
├ ƒ /api/systems/[id]/intelligence
├ ƒ /api/systems/[id]/intelligence/[intelligenceId]
├ ƒ /api/systems/[id]/issues
├ ƒ /api/systems/[id]/modules
├ ƒ /api/systems/[id]/modules/[moduleId]
├ ƒ /api/systems/[id]/operations
├ ƒ /api/systems/[id]/plans
├ ƒ /api/systems/[id]/plans/[planId]
├ ƒ /api/systems/[id]/tech-profiles
├ ƒ /api/systems/[id]/tech-profiles/[profileId]
├ ƒ /api/systems/[id]/tech-stack
├ ƒ /api/systems/[id]/versions
├ ƒ /api/tech-stack
├ ƒ /api/tech-stacks
├ ƒ /api/tech-stacks/[id]
├ ƒ /api/tech-stacks/[id]/credentials
├ ƒ /api/tech-stacks/[id]/credentials/[credId]
├ ƒ /api/tech-stacks/[id]/items
├ ƒ /api/tech-stacks/[id]/items/[itemId]
├ ƒ /api/transfers
├ ƒ /api/transfers/[id]
├ ƒ /api/users
├ ƒ /api/users/presence
├ ƒ /api/users/search
├ ƒ /api/version
├ ƒ /app
├ ƒ /app/about
├ ƒ /app/activity
├ ƒ /app/admin/access-simulator
├ ƒ /app/admin/approvals
├ ƒ /app/admin/audit-logs
├ ƒ /app/admin/authority-inspector
├ ƒ /app/admin/backups
├ ƒ /app/admin/debug
├ ƒ /app/admin/departments
├ ƒ /app/admin/departments/[deptId]
├ ƒ /app/admin/documents
├ ƒ /app/admin/documents/generated
├ ƒ /app/admin/documents/generated/[id]
├ ƒ /app/admin/documents/settings
├ ƒ /app/admin/documents/templates
├ ƒ /app/admin/documents/templates/[id]
├ ƒ /app/admin/documents/verify
├ ƒ /app/admin/drais/health
├ ƒ /app/admin/identity
├ ƒ /app/admin/role-permissions
├ ƒ /app/admin/roles
├ ƒ /app/admin/users
├ ƒ /app/admin/users/[userId]
├ ƒ /app/allocations
├ ƒ /app/approval-pipeline
├ ƒ /app/assets
├ ƒ /app/clients
├ ƒ /app/clients/[id]
├ ƒ /app/command-center
├ ƒ /app/communication
├ ƒ /app/control-tower
├ ƒ /app/dashboard
├ ƒ /app/dashboard/drais/activity
├ ƒ /app/dashboard/drais/connection
├ ƒ /app/dashboard/drais/pricing
├ ƒ /app/dashboard/drais/schools
├ ƒ /app/dashboard/drais/schools/[id]
├ ƒ /app/dashboard/integrations
├ ƒ /app/deals
├ ƒ /app/deals/[id]
├ ƒ /app/deals/new
├ ƒ /app/decision-log
├ ƒ /app/designs
├ ƒ /app/designs/assets
├ ƒ /app/designs/brandkits
├ ƒ /app/designs/editor/[templateId]
├ ƒ /app/designs/templates
├ ƒ /app/docs
├ ƒ /app/docs/[id]
├ ƒ /app/docs/developer
├ ƒ /app/docs/founder
├ ƒ /app/docs/getting-started
├ ƒ /app/docs/guides
├ ƒ /app/docs/issues
├ ƒ /app/docs/modules
├ ƒ /app/docs/system-map
├ ƒ /app/docs/workflow
├ ƒ /app/documents
├ ƒ /app/documents/[id]
├ ƒ /app/documents/folders
├ ƒ /app/documents/generated
├ ƒ /app/documents/settings
├ ƒ /app/documents/templates
├ ƒ /app/documents/verify
├ ƒ /app/engineering
├ ƒ /app/finance
├ ƒ /app/finance/accounts
├ ƒ /app/finance/advances
├ ƒ /app/finance/banking
├ ƒ /app/finance/budgets
├ ƒ /app/finance/expenses
├ ƒ /app/finance/ledger
├ ƒ /app/finance/loans
├ ƒ /app/finance/marzpay
├ ƒ /app/finance/transfers
├ ƒ /app/financial-intelligence
├ ƒ /app/followups
├ ƒ /app/hr
├ ƒ /app/hrm
├ ƒ /app/intelligence
├ ƒ /app/invoices
├ ƒ /app/issue-intelligence
├ ƒ /app/issues
├ ƒ /app/items
├ ƒ /app/knowledge
├ ƒ /app/liabilities
├ ƒ /app/licenses
├ ƒ /app/licenses/[id]
├ ƒ /app/media
├ ƒ /app/notifications
├ ƒ /app/obligations
├ ƒ /app/offerings
├ ƒ /app/operations
├ ƒ /app/org-hierarchy
├ ƒ /app/payments
├ ƒ /app/pipeline
├ ƒ /app/pricing
├ ƒ /app/pricing/[id]
├ ƒ /app/products
├ ƒ /app/profile
├ ƒ /app/proposals
├ ƒ /app/proposals/[id]
├ ƒ /app/prospects
├ ƒ /app/prospects/[id]
├ ƒ /app/prospects/[id]/proposal
├ ƒ /app/prospects/intelligence
├ ƒ /app/reports
├ ƒ /app/resources
├ ƒ /app/sales
├ ƒ /app/services
├ ƒ /app/settings
├ ƒ /app/settings/appearance
├ ƒ /app/settings/communication
├ ƒ /app/settings/company
├ ƒ /app/settings/deals
├ ƒ /app/settings/financial
├ ƒ /app/settings/invoice-themes
├ ƒ /app/settings/security
├ ƒ /app/settings/sessions
├ ƒ /app/settings/theme
├ ƒ /app/settings/typography
├ ƒ /app/staff
├ ƒ /app/subscriptions
├ ƒ /app/subscriptions/[id]
├ ƒ /app/system-costs
├ ƒ /app/systems
├ ƒ /app/systems/[id]
├ ƒ /app/tech-intelligence
├ ƒ /app/tech-intelligence/[id]
├ ƒ /app/unauthorized
├ ○ /dashboard
├ ○ /designs
├ ○ /docs
├ ○ /docs/api
├ ƒ /docs/architecture
├ ○ /docs/audit
├ ○ /docs/automation
├ ○ /docs/concepts
├ ○ /docs/deals
├ ○ /docs/finance
├ ○ /docs/getting-started
├ ○ /docs/invoicing
├ ○ /docs/modules
├ ○ /docs/prospecting
├ ○ /docs/reports
├ ○ /docs/security
├ ○ /docs/users
├ ○ /docs/workflow
├ ƒ /login
├ ƒ /register
├ ○ /setup-password
├ ƒ /verify/[documentId]
└ ƒ /verify/invoice/[token]


ƒ Proxy (Middleware)

○  (Static)   prerendered as static content
ƒ  (Dynamic)  server-rendered on demand

